
> starter_helpi@0.1.0 test
> react-scripts test --coverage

FAIL src/App.test.tsx
  ✕ renders learn react link (142 ms)

  ● renders learn react link

    TestingLibraryElementError: Unable to find an element with the text: /learn react/i. This could be because the text is broken up by multiple elements. In this case, you can provide a function for your text matcher to make your matcher more flexible.

    Ignored nodes: comments, script, style
    [36m<body>[39m
      [36m<div>[39m
        [36m<div[39m
          [33mclass[39m=[32m"App"[39m
        [36m>[39m
          [36m<div[39m
            [33mclass[39m=[32m"home-page-container"[39m
          [36m>[39m
            [36m<div[39m
              [33mclass[39m=[32m"stars-container"[39m
            [36m/>[39m
            [36m<div[39m
              [33mclass[39m=[32m"home-page-content"[39m
            [36m>[39m
              [36m<div[39m
                [33mclass[39m=[32m"Body"[39m
              [36m>[39m
                [36m<header[39m
                  [33mclass[39m=[32m"App-header"[39m
                  [33mstyle[39m=[32m"background-image: url(spaceheader.jpg); background-size: cover; background-position: center;"[39m
                [36m>[39m
                  [36m<h1>[39m
                    [0mWelcome to Career-Way![0m
                  [36m</h1>[39m
                  [36m<div[39m
                    [33mclass[39m=[32m"planet-container"[39m
                  [36m>[39m
                    [36m<img[39m
                      [33malt[39m=[32m"Planet 1"[39m
                      [33mclass[39m=[32m"planet"[39m
                      [33msrc[39m=[32m"Spinning_Mars.gif"[39m
                      [33mstyle[39m=[32m"position: absolute; top: 900px; left: 0%; width: 250px; height: 250px;"[39m
                    [36m/>[39m
                    [36m<img[39m
                      [33malt[39m=[32m"Planet 2"[39m
                      [33mclass[39m=[32m"planet"[39m
                      [33msrc[39m=[32m"planet3.jpg"[39m
                      [33mstyle[39m=[32m"position: absolute; top: 900px; left: 80%; width: 250px; height: 270px;"[39m
                    [36m/>[39m
                    [36m<img[39m
                      [33malt[39m=[32m"Planet 2"[39m
                      [33mclass[39m=[32m"planet"[39m
                      [33msrc[39m=[32m"milkyway.jpg"[39m
                      [33mstyle[39m=[32m"position: absolute; top: 1280px; left: 80%; width: 300px; height: 200px;"[39m
                    [36m/>[39m
                  [36m</div>[39m
                  [36m<h1[39m
                    [33mclass[39m=[32m"caption fade-in-horizontal"[39m
                  [36m>[39m
                    [0mThere are endless career possibilities...All the way to the Moon...[0m
                  [36m</h1>[39m
                [36m</header>[39m
                [36m<div[39m
                  [33mclass[39m=[32m"buttonContainer"[39m
                [36m>[39m
                  [36m<a[39m
                    [33mclass[39m=[32m"Home-button"[39m
                    [33mhref[39m=[32m"#differentCareers"[39m
                  [36m>[39m
                    [0mDifferent Careers[0m
                  [36m</a>[39m
                  [36m<a[39m
                    [33mclass[39m=[32m"Home-button"[39m
                    [33mhref[39m=[32m"#careerQuizzes"[39m
                  [36m>[39m
                    [0mCareer Quizzes[0m
                  [36m</a>[39m
                [36m</div>[39m
                [36m<div[39m
                  [33mid[39m=[32m"differentCareers"[39m
                [36m>[39m
                  [36m<h1[39m
                    [33mclass[39m=[32m"App-differentcareersbutton"[39m
                  [36m>[39m
                    [0mDifferent Careers[0m
                  [36m</h1>[39m
                  [36m<p[39m
                    [33mclass[39m=[32m"HomePage-text"[39m
                  [36m>[39m
                    [0mThere are so many career options to choose from. One must first consider their strengths, interests, and passions. It's also important to think about job availability, growth opportunity, and salary expectations. But ultimately, choosing a career is a personal decision that should reflect one's own goals, values, and ambitions. It can be helpful to speak to professionals in fields of interest or work with a career coach to gain more clarity and make an informed decision. Remember, this choice isn't set in stone, people often change careers in their lifetime, so don't feel pressured to find the "perfect" option.[0m
                  [36m</p>[39m
                [36m</div>[39m
                [36m<div[39m
                  [33mstyle[39m=[32m"max-width: 1100px; width: 100%; margin: 0px auto;"[39m
                [36m>[39m
                  [36m<section[39m
                    [33maria-label[39m=[32m"Image Slider"[39m
                    [33mstyle[39m=[32m"width: 100%; height: 100%; position: relative;"[39m
                  [36m>[39m
                    [36m<div[39m
                      [33mstyle[39m=[32m"width: 80%; height: 80%; display: flex; overflow: hidden; margin: 0px auto; text-align: center;"[39m
                    [36m>[39m
                      [36m<img[39m
                        [33malt[39m=[32m"Lawyer"[39m
                        [33maria-hidden[39m=[32m"false"[39m
                        [33mclass[39m=[32m"img-slider-img"[39m
                        [33msrc[39m=[32m"image 1.jpg"[39m
                      [36m/>[39m
                      [36m<img[39m
                        [33malt[39m=[32m"Doctor"[39m
                        [33maria-hidden[39m=[32m"true"[39m
                        [33mclass[39m=[32m"img-slider-img"[39m
                        [33msrc[39m=[32m"image 2.jpg"[39m
                      [36m/>[39m
                      [36m<img[39m
                        [33malt[39m=[32m"Personal Trainer"[39m
                        [33maria-hidden[39m=[32m"true"[39m
                        [33mclass[39m=[32m"img-slider-img"[39m
                        [33msrc[39m=[32m"image 4.jpg"[39m
                      [36m/>[39m
                      [36m<img[39m
                        [33malt[39m=[32m"Professor"[39m
                        [33maria-hidden[39m=[32m"true"[39m
                        [33mclass[39m=[32m"img-slider-img"[39m
                        [33msrc[39m=[32m"image 5.jpg"[39m
                      [36m/>[39m
                      [36m<img[39m
                        [33malt[39m=[32m"Accountant"[39m
                        [33maria-hidden[39m=[32m"true"[39m
                        [33mclass[39m=[32m"img-slider-img"[39m
                        [33msrc[39m=[32m"Accountant.jpg"[39m
                      [36m/>[39m
                      [36m<img[39m
                        [33malt[39m=[32m"Police Office"[39m
                        [33maria-hidden[39m=[32m"true"[39m
                        [33mclass[39m=[32m"img-slider-img"[39m
                        [33msrc[39m=[32m"police officer.jpg"[39m
                      [36m/>[39m
                      [36m<img[39m
                        [33malt[39m=[32m"Engineer"[39m
                        [33maria-hidden[39m=[32m"true"[39m
                        [33mclass[39m=[32m"img-slider-img"[39m
                        [33msrc[39m=[32m"engineer.jpg"[39m
                      [36m/>[39m
                      [36m<img[39m
                        [33malt[39m=[32m"Psychologist"[39m
                        [33maria-hidden[39m=[32m"true"[39m
                        [33mclass[39m=[32m"img-slider-img"[39m
                        [33msrc[39m=[32m"psychologist.jpg"[39m
                      [36m/>[...

       5 | test("renders learn react link", () => {
       6 |   render(<App />);
    >  7 |   const linkElement = screen.getByText(/learn react/i);
         |                              ^
       8 |   expect(linkElement).toBeInTheDocument();
       9 | });
      10 |

      at Object.getElementError (node_modules/@testing-library/react/node_modules/@testing-library/dom/dist/config.js:37:19)
      at node_modules/@testing-library/react/node_modules/@testing-library/dom/dist/query-helpers.js:76:38
      at node_modules/@testing-library/react/node_modules/@testing-library/dom/dist/query-helpers.js:52:17
      at getByText (node_modules/@testing-library/react/node_modules/@testing-library/dom/dist/query-helpers.js:95:19)
      at Object.<anonymous> (src/App.test.tsx:7:30)
      at TestScheduler.scheduleTests (node_modules/@jest/core/build/TestScheduler.js:333:13)
      at runJest (node_modules/@jest/core/build/runJest.js:404:19)
      at _run10000 (node_modules/@jest/core/build/cli/index.js:320:7)
      at runCLI (node_modules/@jest/core/build/cli/index.js:173:3)

[0;33mOne of your dependencies, babel-preset-react-app, is importing the
"@babel/plugin-proposal-private-property-in-object" package without
declaring it in its dependencies. This is currently working because
"@babel/plugin-proposal-private-property-in-object" is already in your
node_modules folder for unrelated reasons, but it [1mmay break at any time[0;33m.

babel-preset-react-app is part of the create-react-app project, [1mwhich
is not maintianed anymore[0;33m. It is thus unlikely that this bug will
ever be fixed. Add "@babel/plugin-proposal-private-property-in-object" to
your devDependencies to work around this error. This will make this message
go away.[0m
  
----------------------|---------|----------|---------|---------|--------------------------
File                  | % Stmts | % Branch | % Funcs | % Lines | Uncovered Line #s        
----------------------|---------|----------|---------|---------|--------------------------
All files             |   20.47 |     9.34 |   13.15 |    20.9 |                          
 App.tsx              |     100 |      100 |     100 |     100 |                          
 BasicQuiz.tsx        |       0 |        0 |       0 |       0 | 11-35                    
 CareerQuiz.tsx       |       0 |      100 |       0 |       0 | 4-19                     
 DetailedQuiz.tsx     |       0 |        0 |       0 |       0 | 8-31                     
 HomePage_Buttons.tsx |   76.08 |    58.33 |   45.45 |   77.27 | 53,59-65,224-227,350-361 
 PlanetComponent.tsx  |     100 |      100 |     100 |     100 |                          
 Results.tsx          |       0 |        0 |       0 |       0 | 16-78                    
 Spinner.tsx          |      50 |        0 |       0 |      50 | 12                       
 basicQues.tsx        |    3.17 |        0 |       0 |    3.22 | 135-270                  
 detailedQues.tsx     |    4.16 |        0 |       0 |    4.34 | 27-101                   
 image2.tsx           |   18.51 |       20 |   21.42 |   21.73 | 22-52,126-127            
 index.tsx            |       0 |      100 |     100 |       0 | 8-22                     
 openai.tsx           |   21.05 |    16.66 |       0 |   21.05 | 8,29-79                  
 reportWebVitals.ts   |       0 |        0 |       0 |       0 | 3-10                     
----------------------|---------|----------|---------|---------|--------------------------
Test Suites: 1 failed, 1 total
Tests:       1 failed, 1 total
Snapshots:   0 total
Time:        3.822 s
Ran all test suites.
